SUMMARY:
	ROM0: 14158 bytes used / 2226 free
	WRAM0: 1097 bytes used / 2999 free

ROM0 bank #0:
	EMPTY: $0000-$003f ($0040 bytes)
	SECTION: $0040-$0042 ($0003 bytes) ["VBlank vector"]
	EMPTY: $0043-$00ff ($00bd bytes)
	SECTION: $0100-$014f ($0050 bytes) ["Header"]
	SECTION: $0150-$07c2 ($0673 bytes) ["Main"]
	         $0150 = Entry
	         $0162 = Entry.init_camera
	         $0169 = Entry.init_level_switch
	         $0172 = Entry.init_player
	         $019b = Entry.init_vram
	         $019f = Entry.init_oamram
	         $01a4 = Entry.clear_oam
	         $01a9 = Entry.load_sprite_tiles
	         $01b5 = Entry.load_palettes
	         $01c9 = Entry.init_lcd
	         $01d8 = MainLoop
	         $01f2 = WaitVBlank
	         $01f2 = WaitVBlank.wait_vblank_end
	         $01f9 = WaitVBlank.wait_vblank
	         $0201 = WaitFrame
	         $020e = VBlankISR
	         $021d = LoadBytes
	         $021d = LoadBytes.copy
	         $0227 = LoadBgPalettesCGB
	         $022c = LoadBgPalettesCGB.copy
	         $0237 = LoadObjPalettesCGB
	         $023c = LoadObjPalettesCGB.copy
	         $0247 = WaitForAnyDPad
	         $0247 = WaitForAnyDPad.wait
	         $024f = UpdateCamera
	         $024f = UpdateCamera.camera_x_left
	         $0263 = UpdateCamera.camera_x_right
	         $0273 = UpdateCamera.keep_camera_x
	         $0278 = UpdateCamera.camera_x_zero
	         $027b = UpdateCamera.clamp_camera_x
	         $0281 = UpdateCamera.store_camera_x
	         $0287 = UpdateCamera.camera_y_top
	         $029b = UpdateCamera.camera_y_bottom
	         $02ab = UpdateCamera.keep_camera_y
	         $02b0 = UpdateCamera.camera_y_zero
	         $02b3 = UpdateCamera.clamp_camera_y
	         $02b9 = UpdateCamera.store_camera_y
	         $02bf = UpdateCamera.player_screen_x
	         $02ce = UpdateCamera.player_screen_y
	         $02dd = UpdateCamera.player_tile
	         $02e3 = UpdateCamera.player_attr
	         $02ea = HandleDPad
	         $0307 = ReadDPad
	         $0315 = HandleLevelSwap
	         $032b = ReadButtons
	         $0339 = ToggleLevel
	         $0344 = ToggleLevel.load_desert
	         $034b = ToggleLevel.load_grassland
	         $0352 = MoveRight
	         $036e = MoveLeft
	         $0389 = MoveUp
	         $039d = MoveDown
	         $03b1 = AnimatePlayer
	         $03d2 = AnimatePlayer.move_left
	         $03dc = AnimatePlayer.vertical
	         $03ec = AnimatePlayer.move_up
	         $03f6 = AnimatePlayer.tick
	         $03fd = AnimatePlayer.finish_move
	         $0401 = BeginPlayerMove
	         $041b = SetPlayerMoveDelayForFlags
	         $0423 = SetPlayerMoveDelayForFlags.normal
	         $0425 = SetPlayerMoveDelayForFlags.store
	         $0429 = UpdatePlayerWalkAnimation
	         $043c = UpdatePlayerWalkAnimation.frame_2
	         $0440 = UpdatePlayerWalkAnimation.frame_1
	         $0442 = UpdatePlayerWalkAnimation.store_tile
	         $0446 = SetPlayerIdleTile
	         $0455 = TargetRightWalkable
	         $0465 = TargetLeftWalkable
	         $046c = TargetLeftWalkable.blocked
	         $046e = TargetLeftWalkable.inside_map
	         $0478 = TargetUpWalkable
	         $047f = TargetUpWalkable.blocked
	         $0481 = TargetUpWalkable.inside_map
	         $048b = TargetDownWalkable
	         $049b = TargetWorldWalkable
	         $04c0 = TargetWorldWalkable.blocked
	         $04c2 = ApplyPlayerFacingAttr
	         $04c8 = ApplyPlayerFacingAttr.face_right
	         $04ce = ApplyPlayerFacingAttr.face_left
	         $04d4 = InitPlayer
	         $04ef = LoadLevelEnemies
	         $0508 = LoadLevelEnemies.loop
	         $0517 = LoadLevelEnemies.read_record
	         $053a = LoadLevelEnemies.snake
	         $053e = LoadLevelEnemies.scorpion
	         $0540 = LoadLevelEnemies.spawn
	         $054a = SpawnEnemy
	         $0589 = MoveEnemies
	         $059c = MoveEnemies.loop
	         $05a6 = MoveEnemy
	         $05c0 = MoveEnemy.try_right
	         $05d4 = MoveEnemy.try_left
	         $05e6 = MoveEnemy.try_up
	         $05f8 = MoveEnemy.try_down
	         $060c = MoveEnemy.blocked
	         $0610 = LoadEnemyPosition
	         $0629 = IncrementEnemyX
	         $0635 = DecrementEnemyX
	         $0641 = IncrementEnemyY
	         $064d = DecrementEnemyY
	         $0659 = RandomEnemyDirection
	         $0669 = StoreInitialEnemyDirection
	         $067a = StoreNextEnemyDirection
	         $0693 = StoreNextEnemyDirection.store
	         $0696 = AnimateEnemies
	         $06ac = UpdateEnemySprites
	         $06b7 = UpdateEnemySprites.loop
	         $0709 = ClearEnemyOAM
	         $070e = ClearEnemyOAM.loop
	         $0717 = LoadLevelHot
	         $072d = RestoreLCD
	         $0733 = LoadLevel
	         $0733 = LoadLevel.load_palettes
	         $073b = LoadLevel.load_tiles
	         $074a = LoadLevel.load_tilemap
	         $0759 = LoadLevel.load_attrmap
	         $0769 = LoadLevel.load_logicmap
	         $0774 = LoadLevel.load_sprites
	         $0781 = ReadLevelDataRange
	         $0792 = LoadLevelBgPalettes
	         $07a3 = LoadLevelBytes
	SECTION: $07c3-$384a ($3088 bytes) ["P1Xel Editor Export Data"]
	         $07c3 = SpritesPalettes
	         $0803 = GameTiles
	         $0803 = SpritesPalettesEnd
	         $1003 = GameTilesEnd
	         $1003 = GrasslandLevelBgPalettes
	         $1043 = GrasslandLevelBgPalettesEnd
	         $1043 = GrasslandLevelTiles
	         $17d3 = GrasslandLevelTilesEnd
	         $17d3 = GrasslandLevelTileMap
	         $1bd3 = GrasslandLevelTileMapEnd
	         $1bd3 = GrasslandLevelAttrMap
	         $1fd3 = GrasslandLevelAttrMapEnd
	         $1fd3 = GrasslandLevelLogicMap
	         $23d3 = GrasslandLevelLogicMapEnd
	         $23d3 = GrasslandLevelSprites
	         $240b = GrasslandLevelDescriptor
	         $240b = GrasslandLevelSpritesEnd
	         $2423 = DesertLevelBgPalettes
	         $2463 = DesertLevelBgPalettesEnd
	         $2463 = DesertLevelTiles
	         $2bf3 = DesertLevelTilesEnd
	         $2bf3 = DesertLevelTileMap
	         $2ff3 = DesertLevelTileMapEnd
	         $2ff3 = DesertLevelAttrMap
	         $33f3 = DesertLevelAttrMapEnd
	         $33f3 = DesertLevelLogicMap
	         $37f3 = DesertLevelLogicMapEnd
	         $37f3 = DesertLevelSprites
	         $3833 = DesertLevelDescriptor
	         $3833 = DesertLevelSpritesEnd
	EMPTY: $384b-$3fff ($07b5 bytes)
	TOTAL EMPTY: $08b2 bytes

WRAM0 bank #0:
	SECTION: $c000-$c448 ($0449 bytes) ["WRAM Data"]
	         $c000 = FrameCounter
	         $c001 = FrameReady
	         $c002 = PlayerAnimTimer
	         $c003 = PlayerAnimFrame
	         $c004 = PlayerFacing
	         $c005 = PlayerSpriteTile
	         $c006 = PlayerSpriteAttr
	         $c007 = CameraX
	         $c008 = CameraY
	         $c009 = CurrentLevel
	         $c00a = PrevButtons
	         $c00b = LevelDataStart
	         $c00d = LevelDataEnd
	         $c00f = PlayerTargetX
	         $c010 = PlayerTargetY
	         $c011 = PlayerWorldX
	         $c012 = PlayerWorldY
	         $c013 = PlayerMoveDX
	         $c014 = PlayerMoveDY
	         $c015 = PlayerMoveFrames
	         $c016 = PlayerMoveDelay
	         $c017 = PlayerMoveTimer
	         $c018 = EnemyCount
	         $c019 = EnemyAnimTimer
	         $c01a = EnemyAnimFrame
	         $c01b = EnemyMoveTimer
	         $c01c = EnemySpawnX
	         $c01d = EnemySpawnY
	         $c01e = EnemySpawnBaseTile
	         $c01f = EnemySpawnAttr
	         $c020 = EnemyWorldX
	         $c028 = EnemyWorldY
	         $c030 = EnemyBaseTile
	         $c038 = EnemyAttr
	         $c040 = EnemyDir
	         $c048 = EnemyMoveIndex
	         $c049 = CollisionMap
	EMPTY: $c449-$cfff ($0bb7 bytes)
	TOTAL EMPTY: $0bb7 bytes
